
> intentbridge@1.0.0 test
> node --experimental-vm-modules node_modules/jest/bin/jest.js

node.exe : (node:23300) ExperimentalWarning: VM Modules is an experimental feature and might 
change at any time
At line:1 char:1
+ & "C:\Program Files\nodejs/node.exe" "C:\Program Files\nodejs/node_mo ...
+ ~~~~~~~~~~~~~~~~~~~~~~~~~~~~~~~~~~~~~~~~~~~~~~~~~~~~~~~~~~~~~~~~~~~~~
    + CategoryInfo          : NotSpecified: ((node:23300) Ex...nge at any time:String) [], R 
   emoteException
    + FullyQualifiedErrorId : NativeCommandError
 
(Use `node --trace-warnings ...` to show where the warning was created)
FAIL server/__tests__/api.test.js
  IntentBridge Universal Intent Engine API Tests
    GET /api/health (Basic Availability)
      ├ù should return a 200 health status indicating server is online (4 ms)
    POST /api/analyze (Happy Path Executions)
      ├ù should process a valid text payload (1 ms)
      ├ù should process a valid base64 image payload simulating standard ingestion
    POST /api/analyze (Security Validation & Failure Paths)
      ├ù should fail with 400 when no input data is provided (1 ms)
      ├ù should block malformed mimeTypes (Validation boundary) (1 ms)
      ├ù should sanitize script tags in text (Security / NoSQL Injection config)

  ΓùÅ IntentBridge Universal Intent Engine API Tests ΓÇ║ GET /api/health (Basic 
Availability) ΓÇ║ should return a 200 health status indicating server is online

    ReferenceError: jest is not defined

    [0m [90m  5 |[39m describe([32m'IntentBridge Universal Intent Engine API 
Tests'[39m[33m,[39m () [33m=>[39m {
     [90m  6 |[39m   beforeEach(() [33m=>[39m {
    [31m[1m>[22m[39m[90m  7 |[39m     jest[33m.[39mclearAllMocks()[33m;[39m
     [90m    |[39m     [31m[1m^[22m[39m
     [90m  8 |[39m   })[33m;[39m
     [90m  9 |[39m
     [90m 10 |[39m   describe([32m'GET /api/health (Basic Availability)'[39m[33m,[39m 
() [33m=>[39m {[0m

      at Object.jest (server/__tests__/api.test.js:7:5)

  ΓùÅ IntentBridge Universal Intent Engine API Tests ΓÇ║ POST /api/analyze (Happy Path 
Executions) ΓÇ║ should process a valid text payload

    ReferenceError: jest is not defined

    [0m [90m  5 |[39m describe([32m'IntentBridge Universal Intent Engine API 
Tests'[39m[33m,[39m () [33m=>[39m {
     [90m  6 |[39m   beforeEach(() [33m=>[39m {
    [31m[1m>[22m[39m[90m  7 |[39m     jest[33m.[39mclearAllMocks()[33m;[39m
     [90m    |[39m     [31m[1m^[22m[39m
     [90m  8 |[39m   })[33m;[39m
     [90m  9 |[39m
     [90m 10 |[39m   describe([32m'GET /api/health (Basic Availability)'[39m[33m,[39m 
() [33m=>[39m {[0m

      at Object.jest (server/__tests__/api.test.js:7:5)

  ΓùÅ IntentBridge Universal Intent Engine API Tests ΓÇ║ POST /api/analyze (Happy Path 
Executions) ΓÇ║ should process a valid base64 image payload simulating standard ingestion

    ReferenceError: jest is not defined

    [0m [90m  5 |[39m describe([32m'IntentBridge Universal Intent Engine API 
Tests'[39m[33m,[39m () [33m=>[39m {
     [90m  6 |[39m   beforeEach(() [33m=>[39m {
    [31m[1m>[22m[39m[90m  7 |[39m     jest[33m.[39mclearAllMocks()[33m;[39m
     [90m    |[39m     [31m[1m^[22m[39m
     [90m  8 |[39m   })[33m;[39m
     [90m  9 |[39m
     [90m 10 |[39m   describe([32m'GET /api/health (Basic Availability)'[39m[33m,[39m 
() [33m=>[39m {[0m

      at Object.jest (server/__tests__/api.test.js:7:5)

  ΓùÅ IntentBridge Universal Intent Engine API Tests ΓÇ║ POST /api/analyze (Security 
Validation & Failure Paths) ΓÇ║ should fail with 400 when no input data is provided

    ReferenceError: jest is not defined

    [0m [90m  5 |[39m describe([32m'IntentBridge Universal Intent Engine API 
Tests'[39m[33m,[39m () [33m=>[39m {
     [90m  6 |[39m   beforeEach(() [33m=>[39m {
    [31m[1m>[22m[39m[90m  7 |[39m     jest[33m.[39mclearAllMocks()[33m;[39m
     [90m    |[39m     [31m[1m^[22m[39m
     [90m  8 |[39m   })[33m;[39m
     [90m  9 |[39m
     [90m 10 |[39m   describe([32m'GET /api/health (Basic Availability)'[39m[33m,[39m 
() [33m=>[39m {[0m

      at Object.jest (server/__tests__/api.test.js:7:5)

  ΓùÅ IntentBridge Universal Intent Engine API Tests ΓÇ║ POST /api/analyze (Security 
Validation & Failure Paths) ΓÇ║ should block malformed mimeTypes (Validation boundary)

    ReferenceError: jest is not defined

    [0m [90m  5 |[39m describe([32m'IntentBridge Universal Intent Engine API 
Tests'[39m[33m,[39m () [33m=>[39m {
     [90m  6 |[39m   beforeEach(() [33m=>[39m {
    [31m[1m>[22m[39m[90m  7 |[39m     jest[33m.[39mclearAllMocks()[33m;[39m
     [90m    |[39m     [31m[1m^[22m[39m
     [90m  8 |[39m   })[33m;[39m
     [90m  9 |[39m
     [90m 10 |[39m   describe([32m'GET /api/health (Basic Availability)'[39m[33m,[39m 
() [33m=>[39m {[0m

      at Object.jest (server/__tests__/api.test.js:7:5)

  ΓùÅ IntentBridge Universal Intent Engine API Tests ΓÇ║ POST /api/analyze (Security 
Validation & Failure Paths) ΓÇ║ should sanitize script tags in text (Security / NoSQL 
Injection config)

    ReferenceError: jest is not defined

    [0m [90m  5 |[39m describe([32m'IntentBridge Universal Intent Engine API 
Tests'[39m[33m,[39m () [33m=>[39m {
     [90m  6 |[39m   beforeEach(() [33m=>[39m {
    [31m[1m>[22m[39m[90m  7 |[39m     jest[33m.[39mclearAllMocks()[33m;[39m
     [90m    |[39m     [31m[1m^[22m[39m
     [90m  8 |[39m   })[33m;[39m
     [90m  9 |[39m
     [90m 10 |[39m   describe([32m'GET /api/health (Basic Availability)'[39m[33m,[39m 
() [33m=>[39m {[0m

      at Object.jest (server/__tests__/api.test.js:7:5)

Test Suites: 1 failed, 1 total
Tests:       6 failed, 6 total
Snapshots:   0 total
Time:        4.258 s
Ran all test suites.
Jest did not exit one second after the test run has completed.

'This usually means that there are asynchronous operations that weren't stopped in your 
tests. Consider running Jest with `--detectOpenHandles` to troubleshoot this issue.
